// Jest Snapshot v1, https://goo.gl/fbAQLP

exports[`SubNavigation SubNavigationItem matches snapshot 1`] = `
<li
  className="nhsuk-sub-navigation__item"
>
  <a
    className="nhsuk-sub-navigation__link"
    href="#"
  >
    Hello world
  </a>
</li>
`;

exports[`SubNavigation matches snapshot 1`] = `
<nav
  className="nhsuk-sub-navigation"
>
  <ul
    className="nhsuk-sub-navigation__list"
  />
</nav>
`;
